Collecting fastapi==0.110.0 (from -r requirements.txt (line 1))
  Using cached fastapi-0.110.0-py3-none-any.whl.metadata (25 kB)
Collecting uvicorn==0.28.0 (from uvicorn[standard]==0.28.0->-r requirements.txt (line 2))
  Using cached uvicorn-0.28.0-py3-none-any.whl.metadata (6.3 kB)
WARNING: Retrying (Retry(total=4, connect=None, read=None, redirect=None, status=None)) after connection broken by 'ReadTimeoutError("HTTPSConnectionPool(host='pypi.org', port=443): Read timed out. (read timeout=15)")': /simple/sqlalchemy/
Collecting sqlalchemy==2.0.28 (from sqlalchemy[asyncio]==2.0.28->-r requirements.txt (line 3))
  Using cached SQLAlchemy-2.0.28-py3-none-any.whl.metadata (9.6 kB)
Collecting alembic==1.13.1 (from -r requirements.txt (line 4))
  Using cached alembic-1.13.1-py3-none-any.whl.metadata (7.4 kB)
Collecting asyncpg==0.29.0 (from -r requirements.txt (line 5))
  Using cached asyncpg-0.29.0.tar.gz (820 kB)
  Installing build dependencies: started
  Installing build dependencies: finished with status 'done'
  Getting requirements to build wheel: started
  Getting requirements to build wheel: finished with status 'done'
  Preparing metadata (pyproject.toml): started
  Preparing metadata (pyproject.toml): finished with status 'done'
Collecting pydantic==2.6.4 (from pydantic[email]==2.6.4->-r requirements.txt (line 6))
  Using cached pydantic-2.6.4-py3-none-any.whl.metadata (85 kB)
Collecting pydantic-settings==2.2.1 (from -r requirements.txt (line 7))
  Using cached pydantic_settings-2.2.1-py3-none-any.whl.metadata (3.1 kB)
Collecting python-jose==3.3.0 (from python-jose[cryptography]==3.3.0->-r requirements.txt (line 8))
  Using cached python_jose-3.3.0-py2.py3-none-any.whl.metadata (5.4 kB)
Collecting passlib==1.7.4 (from passlib[bcrypt]==1.7.4->-r requirements.txt (line 9))
  Using cached passlib-1.7.4-py2.py3-none-any.whl.metadata (1.7 kB)
Collecting python-multipart==0.0.9 (from -r requirements.txt (line 10))
  Using cached python_multipart-0.0.9-py3-none-any.whl.metadata (2.5 kB)
Collecting gunicorn==21.2.0 (from -r requirements.txt (line 11))
  Using cached gunicorn-21.2.0-py3-none-any.whl.metadata (4.1 kB)
Collecting starlette<0.37.0,>=0.36.3 (from fastapi==0.110.0->-r requirements.txt (line 1))
  Using cached starlette-0.36.3-py3-none-any.whl.metadata (5.9 kB)
Collecting typing-extensions>=4.8.0 (from fastapi==0.110.0->-r requirements.txt (line 1))
  Using cached typing_extensions-4.16.0-py3-none-any.whl.metadata (3.3 kB)
Collecting annotated-types>=0.4.0 (from pydantic==2.6.4->pydantic[email]==2.6.4->-r requirements.txt (line 6))
  Using cached annotated_types-0.8.0-py3-none-any.whl.metadata (15 kB)
Collecting pydantic-core==2.16.3 (from pydantic==2.6.4->pydantic[email]==2.6.4->-r requirements.txt (line 6))
  Using cached pydantic_core-2.16.3.tar.gz (368 kB)
  Installing build dependencies: started
  Installing build dependencies: finished with status 'done'
  Getting requirements to build wheel: started
  Getting requirements to build wheel: finished with status 'done'
  Installing backend dependencies: started
  Installing backend dependencies: finished with status 'done'
  Preparing metadata (pyproject.toml): started
  Preparing metadata (pyproject.toml): finished with status 'done'
Collecting click>=7.0 (from uvicorn==0.28.0->uvicorn[standard]==0.28.0->-r requirements.txt (line 2))
  Using cached click-8.4.2-py3-none-any.whl.metadata (2.6 kB)
Collecting h11>=0.8 (from uvicorn==0.28.0->uvicorn[standard]==0.28.0->-r requirements.txt (line 2))
  Using cached h11-0.16.0-py3-none-any.whl.metadata (8.3 kB)
Collecting greenlet!=0.4.17 (from sqlalchemy==2.0.28->sqlalchemy[asyncio]==2.0.28->-r requirements.txt (line 3))
  Using cached greenlet-3.5.4-cp313-cp313-manylinux_2_24_x86_64.manylinux_2_28_x86_64.whl.metadata (3.8 kB)
Collecting Mako (from alembic==1.13.1->-r requirements.txt (line 4))
  Using cached mako-1.4.1-py3-none-any.whl.metadata (2.9 kB)
Collecting python-dotenv>=0.21.0 (from pydantic-settings==2.2.1->-r requirements.txt (line 7))
  Using cached python_dotenv-1.2.2-py3-none-any.whl.metadata (27 kB)
Collecting ecdsa!=0.15 (from python-jose==3.3.0->python-jose[cryptography]==3.3.0->-r requirements.txt (line 8))
  Using cached ecdsa-0.19.2-py2.py3-none-any.whl.metadata (29 kB)
Collecting rsa (from python-jose==3.3.0->python-jose[cryptography]==3.3.0->-r requirements.txt (line 8))
  Using cached rsa-4.9.1-py3-none-any.whl.metadata (5.6 kB)
Collecting pyasn1 (from python-jose==3.3.0->python-jose[cryptography]==3.3.0->-r requirements.txt (line 8))
  Using cached pyasn1-0.6.4-py3-none-any.whl.metadata (8.4 kB)
Requirement already satisfied: packaging in ./venv/lib/python3.13/site-packages (from gunicorn==21.2.0->-r requirements.txt (line 11)) (26.3)
Collecting bcrypt>=3.1.0 (from passlib[bcrypt]==1.7.4->-r requirements.txt (line 9))
  Using cached bcrypt-5.0.0-cp39-abi3-manylinux_2_34_x86_64.whl.metadata (10 kB)
Collecting email-validator>=2.0.0 (from pydantic[email]==2.6.4->-r requirements.txt (line 6))
  Using cached email_validator-2.3.0-py3-none-any.whl.metadata (26 kB)
Collecting cryptography>=3.4.0 (from python-jose[cryptography]==3.3.0->-r requirements.txt (line 8))
  Using cached cryptography-50.0.0-cp311-abi3-manylinux_2_34_x86_64.whl.metadata (4.3 kB)
Collecting httptools>=0.5.0 (from uvicorn[standard]==0.28.0->-r requirements.txt (line 2))
  Using cached httptools-0.8.0-cp313-cp313-manylinux1_x86_64.manylinux_2_28_x86_64.manylinux_2_5_x86_64.whl.metadata (3.5 kB)
Collecting pyyaml>=5.1 (from uvicorn[standard]==0.28.0->-r requirements.txt (line 2))
  Using cached pyyaml-6.0.3-cp313-cp313-manylinux2014_x86_64.manylinux_2_17_x86_64.manylinux_2_28_x86_64.whl.metadata (2.4 kB)
Collecting uvloop!=0.15.0,!=0.15.1,>=0.14.0 (from uvicorn[standard]==0.28.0->-r requirements.txt (line 2))
  Using cached uvloop-0.22.1-cp313-cp313-manylinux2014_x86_64.manylinux_2_17_x86_64.manylinux_2_28_x86_64.whl.metadata (4.9 kB)
Collecting watchfiles>=0.13 (from uvicorn[standard]==0.28.0->-r requirements.txt (line 2))
  Using cached watchfiles-1.2.0-cp313-cp313-manylinux_2_17_x86_64.manylinux2014_x86_64.whl.metadata (4.9 kB)
Collecting websockets>=10.4 (from uvicorn[standard]==0.28.0->-r requirements.txt (line 2))
  Using cached websockets-17.0.1-cp313-cp313-manylinux1_x86_64.manylinux_2_28_x86_64.manylinux_2_5_x86_64.whl.metadata (6.3 kB)
Collecting anyio<5,>=3.4.0 (from starlette<0.37.0,>=0.36.3->fastapi==0.110.0->-r requirements.txt (line 1))
  Using cached anyio-4.14.2-py3-none-any.whl.metadata (4.6 kB)
Collecting idna>=2.8 (from anyio<5,>=3.4.0->starlette<0.37.0,>=0.36.3->fastapi==0.110.0->-r requirements.txt (line 1))
  Using cached idna-3.18-py3-none-any.whl.metadata (6.1 kB)
Collecting cffi>=2.0.0 (from cryptography>=3.4.0->python-jose[cryptography]==3.3.0->-r requirements.txt (line 8))
  Using cached cffi-2.1.1-cp313-cp313-manylinux2014_x86_64.manylinux_2_17_x86_64.whl.metadata (2.5 kB)
Collecting pycparser (from cffi>=2.0.0->cryptography>=3.4.0->python-jose[cryptography]==3.3.0->-r requirements.txt (line 8))
  Using cached pycparser-3.0-py3-none-any.whl.metadata (8.2 kB)
Collecting six>=1.9.0 (from ecdsa!=0.15->python-jose==3.3.0->python-jose[cryptography]==3.3.0->-r requirements.txt (line 8))
  Using cached six-1.17.0-py2.py3-none-any.whl.metadata (1.7 kB)
Collecting dnspython>=2.0.0 (from email-validator>=2.0.0->pydantic[email]==2.6.4->-r requirements.txt (line 6))
  Using cached dnspython-2.8.0-py3-none-any.whl.metadata (5.7 kB)
Collecting MarkupSafe>=2.0 (from Mako->alembic==1.13.1->-r requirements.txt (line 4))
  Using cached markupsafe-3.0.3-cp313-cp313-manylinux2014_x86_64.manylinux_2_17_x86_64.manylinux_2_28_x86_64.whl.metadata (2.7 kB)
Using cached fastapi-0.110.0-py3-none-any.whl (92 kB)
Using cached pydantic-2.6.4-py3-none-any.whl (394 kB)
Using cached uvicorn-0.28.0-py3-none-any.whl (60 kB)
Using cached SQLAlchemy-2.0.28-py3-none-any.whl (1.9 MB)
Using cached alembic-1.13.1-py3-none-any.whl (233 kB)
Using cached pydantic_settings-2.2.1-py3-none-any.whl (13 kB)
Using cached python_jose-3.3.0-py2.py3-none-any.whl (33 kB)
Using cached passlib-1.7.4-py2.py3-none-any.whl (525 kB)
Using cached python_multipart-0.0.9-py3-none-any.whl (22 kB)
Using cached gunicorn-21.2.0-py3-none-any.whl (80 kB)
Using cached starlette-0.36.3-py3-none-any.whl (71 kB)
Using cached anyio-4.14.2-py3-none-any.whl (125 kB)
Using cached annotated_types-0.8.0-py3-none-any.whl (13 kB)
Using cached bcrypt-5.0.0-cp39-abi3-manylinux_2_34_x86_64.whl (278 kB)
Using cached click-8.4.2-py3-none-any.whl (119 kB)
Using cached cryptography-50.0.0-cp311-abi3-manylinux_2_34_x86_64.whl (4.7 MB)
Using cached cffi-2.1.1-cp313-cp313-manylinux2014_x86_64.manylinux_2_17_x86_64.whl (221 kB)
Using cached ecdsa-0.19.2-py2.py3-none-any.whl (150 kB)
Using cached email_validator-2.3.0-py3-none-any.whl (35 kB)
Using cached dnspython-2.8.0-py3-none-any.whl (331 kB)
Using cached greenlet-3.5.4-cp313-cp313-manylinux_2_24_x86_64.manylinux_2_28_x86_64.whl (624 kB)
Using cached h11-0.16.0-py3-none-any.whl (37 kB)
Using cached httptools-0.8.0-cp313-cp313-manylinux1_x86_64.manylinux_2_28_x86_64.manylinux_2_5_x86_64.whl (486 kB)
Using cached idna-3.18-py3-none-any.whl (65 kB)
Using cached python_dotenv-1.2.2-py3-none-any.whl (22 kB)
Using cached pyyaml-6.0.3-cp313-cp313-manylinux2014_x86_64.manylinux_2_17_x86_64.manylinux_2_28_x86_64.whl (801 kB)
Using cached six-1.17.0-py2.py3-none-any.whl (11 kB)
Using cached typing_extensions-4.16.0-py3-none-any.whl (45 kB)
Using cached uvloop-0.22.1-cp313-cp313-manylinux2014_x86_64.manylinux_2_17_x86_64.manylinux_2_28_x86_64.whl (4.4 MB)
Using cached watchfiles-1.2.0-cp313-cp313-manylinux_2_17_x86_64.manylinux2014_x86_64.whl (454 kB)
Using cached websockets-17.0.1-cp313-cp313-manylinux1_x86_64.manylinux_2_28_x86_64.manylinux_2_5_x86_64.whl (220 kB)
Using cached mako-1.4.1-py3-none-any.whl (80 kB)
Using cached markupsafe-3.0.3-cp313-cp313-manylinux2014_x86_64.manylinux_2_17_x86_64.manylinux_2_28_x86_64.whl (22 kB)
Using cached pyasn1-0.6.4-py3-none-any.whl (84 kB)
Using cached pycparser-3.0-py3-none-any.whl (48 kB)
Using cached rsa-4.9.1-py3-none-any.whl (34 kB)
Building wheels for collected packages: asyncpg, pydantic-core
  Building wheel for asyncpg (pyproject.toml): started
  Building wheel for asyncpg (pyproject.toml): finished with status 'error'
  error: subprocess-exited-with-error
  
  × Building wheel for asyncpg (pyproject.toml) did not run successfully.
  │ exit code: 1
  ╰─> [262 lines of output]
      /tmp/pip-build-env-0_u48jav/overlay/lib/python3.13/site-packages/setuptools/config/_apply_pyprojecttoml.py:82: SetuptoolsDeprecationWarning: `project.license` as a TOML table is deprecated
      !!
      
              ********************************************************************************
              Please use a simple string containing a SPDX expression for `project.license`. You can also use `project.license-files`. (Both options available on setuptools>=77.0.0).
      
              By 2027-Feb-18, you need to update your project and remove deprecated calls
              or your builds will no longer be supported.
      
              See https://packaging.python.org/en/latest/guides/writing-pyproject-toml/#license for details.
              ********************************************************************************
      
      !!
        corresp(dist, value, root_dir)
      /tmp/pip-build-env-0_u48jav/overlay/lib/python3.13/site-packages/setuptools/config/_apply_pyprojecttoml.py:61: SetuptoolsDeprecationWarning: License classifiers are deprecated.
      !!
      
              ********************************************************************************
              Please consider removing the following classifiers in favor of a SPDX license expression:
      
              License :: OSI Approved :: Apache Software License
      
              See https://packaging.python.org/en/latest/guides/writing-pyproject-toml/#license for details.
              ********************************************************************************
      
      !!
        dist._finalize_license_expression()
      /tmp/pip-build-env-0_u48jav/overlay/lib/python3.13/site-packages/setuptools/dist.py:765: SetuptoolsDeprecationWarning: License classifiers are deprecated.
      !!
      
              ********************************************************************************
              Please consider removing the following classifiers in favor of a SPDX license expression:
      
              License :: OSI Approved :: Apache Software License
      
              See https://packaging.python.org/en/latest/guides/writing-pyproject-toml/#license for details.
              ********************************************************************************
      
      !!
        self._finalize_license_expression()
      running bdist_wheel
      running build
      running build_py
      creating build/lib.linux-x86_64-cpython-313/asyncpg
      copying asyncpg/utils.py -> build/lib.linux-x86_64-cpython-313/asyncpg
      copying asyncpg/types.py -> build/lib.linux-x86_64-cpython-313/asyncpg
      copying asyncpg/transaction.py -> build/lib.linux-x86_64-cpython-313/asyncpg
      copying asyncpg/serverversion.py -> build/lib.linux-x86_64-cpython-313/asyncpg
      copying asyncpg/prepared_stmt.py -> build/lib.linux-x86_64-cpython-313/asyncpg
      copying asyncpg/pool.py -> build/lib.linux-x86_64-cpython-313/asyncpg
      copying asyncpg/introspection.py -> build/lib.linux-x86_64-cpython-313/asyncpg
      copying asyncpg/cursor.py -> build/lib.linux-x86_64-cpython-313/asyncpg
      copying asyncpg/connresource.py -> build/lib.linux-x86_64-cpython-313/asyncpg
      copying asyncpg/connection.py -> build/lib.linux-x86_64-cpython-313/asyncpg
      copying asyncpg/connect_utils.py -> build/lib.linux-x86_64-cpython-313/asyncpg
      copying asyncpg/compat.py -> build/lib.linux-x86_64-cpython-313/asyncpg
      copying asyncpg/cluster.py -> build/lib.linux-x86_64-cpython-313/asyncpg
      copying asyncpg/_version.py -> build/lib.linux-x86_64-cpython-313/asyncpg
      copying asyncpg/_asyncio_compat.py -> build/lib.linux-x86_64-cpython-313/asyncpg
      copying asyncpg/__init__.py -> build/lib.linux-x86_64-cpython-313/asyncpg
      creating build/lib.linux-x86_64-cpython-313/asyncpg/protocol
      copying asyncpg/protocol/__init__.py -> build/lib.linux-x86_64-cpython-313/asyncpg/protocol
      creating build/lib.linux-x86_64-cpython-313/asyncpg/pgproto
      copying asyncpg/pgproto/types.py -> build/lib.linux-x86_64-cpython-313/asyncpg/pgproto
      copying asyncpg/pgproto/__init__.py -> build/lib.linux-x86_64-cpython-313/asyncpg/pgproto
      creating build/lib.linux-x86_64-cpython-313/asyncpg/exceptions
      copying asyncpg/exceptions/_base.py -> build/lib.linux-x86_64-cpython-313/asyncpg/exceptions
      copying asyncpg/exceptions/__init__.py -> build/lib.linux-x86_64-cpython-313/asyncpg/exceptions
      creating build/lib.linux-x86_64-cpython-313/asyncpg/_testbase
      copying asyncpg/_testbase/fuzzer.py -> build/lib.linux-x86_64-cpython-313/asyncpg/_testbase
      copying asyncpg/_testbase/__init__.py -> build/lib.linux-x86_64-cpython-313/asyncpg/_testbase
      creating build/lib.linux-x86_64-cpython-313/asyncpg/protocol/codecs
      copying asyncpg/protocol/codecs/__init__.py -> build/lib.linux-x86_64-cpython-313/asyncpg/protocol/codecs
      running egg_info
      writing asyncpg.egg-info/PKG-INFO
      writing dependency_links to asyncpg.egg-info/dependency_links.txt
      writing requirements to asyncpg.egg-info/requires.txt
      writing top-level names to asyncpg.egg-info/top_level.txt
      reading manifest file 'asyncpg.egg-info/SOURCES.txt'
      reading manifest template 'MANIFEST.in'
      warning: no files found matching '*.py' under directory 'examples'
      adding license file 'LICENSE'
      adding license file 'AUTHORS'
      writing manifest file 'asyncpg.egg-info/SOURCES.txt'
      copying asyncpg/protocol/consts.pxi -> build/lib.linux-x86_64-cpython-313/asyncpg/protocol
      copying asyncpg/protocol/coreproto.pxd -> build/lib.linux-x86_64-cpython-313/asyncpg/protocol
      copying asyncpg/protocol/coreproto.pyx -> build/lib.linux-x86_64-cpython-313/asyncpg/protocol
      copying asyncpg/protocol/cpythonx.pxd -> build/lib.linux-x86_64-cpython-313/asyncpg/protocol
      copying asyncpg/protocol/encodings.pyx -> build/lib.linux-x86_64-cpython-313/asyncpg/protocol
      copying asyncpg/protocol/pgtypes.pxi -> build/lib.linux-x86_64-cpython-313/asyncpg/protocol
      copying asyncpg/protocol/prepared_stmt.pxd -> build/lib.linux-x86_64-cpython-313/asyncpg/protocol
      copying asyncpg/protocol/prepared_stmt.pyx -> build/lib.linux-x86_64-cpython-313/asyncpg/protocol
      copying asyncpg/protocol/protocol.pxd -> build/lib.linux-x86_64-cpython-313/asyncpg/protocol
      copying asyncpg/protocol/protocol.pyx -> build/lib.linux-x86_64-cpython-313/asyncpg/protocol
      copying asyncpg/protocol/scram.pxd -> build/lib.linux-x86_64-cpython-313/asyncpg/protocol
      copying asyncpg/protocol/scram.pyx -> build/lib.linux-x86_64-cpython-313/asyncpg/protocol
      copying asyncpg/protocol/settings.pxd -> build/lib.linux-x86_64-cpython-313/asyncpg/protocol
      copying asyncpg/protocol/settings.pyx -> build/lib.linux-x86_64-cpython-313/asyncpg/protocol
      copying asyncpg/pgproto/__init__.pxd -> build/lib.linux-x86_64-cpython-313/asyncpg/pgproto
      copying asyncpg/pgproto/buffer.pxd -> build/lib.linux-x86_64-cpython-313/asyncpg/pgproto
      copying asyncpg/pgproto/buffer.pyx -> build/lib.linux-x86_64-cpython-313/asyncpg/pgproto
      copying asyncpg/pgproto/consts.pxi -> build/lib.linux-x86_64-cpython-313/asyncpg/pgproto
      copying asyncpg/pgproto/cpythonx.pxd -> build/lib.linux-x86_64-cpython-313/asyncpg/pgproto
      copying asyncpg/pgproto/debug.pxd -> build/lib.linux-x86_64-cpython-313/asyncpg/pgproto
      copying asyncpg/pgproto/frb.pxd -> build/lib.linux-x86_64-cpython-313/asyncpg/pgproto
      copying asyncpg/pgproto/frb.pyx -> build/lib.linux-x86_64-cpython-313/asyncpg/pgproto
      copying asyncpg/pgproto/hton.pxd -> build/lib.linux-x86_64-cpython-313/asyncpg/pgproto
      copying asyncpg/pgproto/pgproto.pxd -> build/lib.linux-x86_64-cpython-313/asyncpg/pgproto
      copying asyncpg/pgproto/pgproto.pyx -> build/lib.linux-x86_64-cpython-313/asyncpg/pgproto
      copying asyncpg/pgproto/tohex.pxd -> build/lib.linux-x86_64-cpython-313/asyncpg/pgproto
      copying asyncpg/pgproto/uuid.pyx -> build/lib.linux-x86_64-cpython-313/asyncpg/pgproto
      creating build/lib.linux-x86_64-cpython-313/asyncpg/protocol/record
      copying asyncpg/protocol/record/__init__.pxd -> build/lib.linux-x86_64-cpython-313/asyncpg/protocol/record
      copying asyncpg/protocol/codecs/array.pyx -> build/lib.linux-x86_64-cpython-313/asyncpg/protocol/codecs
      copying asyncpg/protocol/codecs/base.pxd -> build/lib.linux-x86_64-cpython-313/asyncpg/protocol/codecs
      copying asyncpg/protocol/codecs/base.pyx -> build/lib.linux-x86_64-cpython-313/asyncpg/protocol/codecs
      copying asyncpg/protocol/codecs/pgproto.pyx -> build/lib.linux-x86_64-cpython-313/asyncpg/protocol/codecs
      copying asyncpg/protocol/codecs/range.pyx -> build/lib.linux-x86_64-cpython-313/asyncpg/protocol/codecs
      copying asyncpg/protocol/codecs/record.pyx -> build/lib.linux-x86_64-cpython-313/asyncpg/protocol/codecs
      copying asyncpg/protocol/codecs/textutils.pyx -> build/lib.linux-x86_64-cpython-313/asyncpg/protocol/codecs
      creating build/lib.linux-x86_64-cpython-313/asyncpg/pgproto/codecs
      copying asyncpg/pgproto/codecs/__init__.pxd -> build/lib.linux-x86_64-cpython-313/asyncpg/pgproto/codecs
      copying asyncpg/pgproto/codecs/bits.pyx -> build/lib.linux-x86_64-cpython-313/asyncpg/pgproto/codecs
      copying asyncpg/pgproto/codecs/bytea.pyx -> build/lib.linux-x86_64-cpython-313/asyncpg/pgproto/codecs
      copying asyncpg/pgproto/codecs/context.pyx -> build/lib.linux-x86_64-cpython-313/asyncpg/pgproto/codecs
      copying asyncpg/pgproto/codecs/datetime.pyx -> build/lib.linux-x86_64-cpython-313/asyncpg/pgproto/codecs
      copying asyncpg/pgproto/codecs/float.pyx -> build/lib.linux-x86_64-cpython-313/asyncpg/pgproto/codecs
      copying asyncpg/pgproto/codecs/geometry.pyx -> build/lib.linux-x86_64-cpython-313/asyncpg/pgproto/codecs
      copying asyncpg/pgproto/codecs/hstore.pyx -> build/lib.linux-x86_64-cpython-313/asyncpg/pgproto/codecs
      copying asyncpg/pgproto/codecs/int.pyx -> build/lib.linux-x86_64-cpython-313/asyncpg/pgproto/codecs
      copying asyncpg/pgproto/codecs/json.pyx -> build/lib.linux-x86_64-cpython-313/asyncpg/pgproto/codecs
      copying asyncpg/pgproto/codecs/jsonpath.pyx -> build/lib.linux-x86_64-cpython-313/asyncpg/pgproto/codecs
      copying asyncpg/pgproto/codecs/misc.pyx -> build/lib.linux-x86_64-cpython-313/asyncpg/pgproto/codecs
      copying asyncpg/pgproto/codecs/network.pyx -> build/lib.linux-x86_64-cpython-313/asyncpg/pgproto/codecs
      copying asyncpg/pgproto/codecs/numeric.pyx -> build/lib.linux-x86_64-cpython-313/asyncpg/pgproto/codecs
      copying asyncpg/pgproto/codecs/pg_snapshot.pyx -> build/lib.linux-x86_64-cpython-313/asyncpg/pgproto/codecs
      copying asyncpg/pgproto/codecs/text.pyx -> build/lib.linux-x86_64-cpython-313/asyncpg/pgproto/codecs
      copying asyncpg/pgproto/codecs/tid.pyx -> build/lib.linux-x86_64-cpython-313/asyncpg/pgproto/codecs
      copying asyncpg/pgproto/codecs/uuid.pyx -> build/lib.linux-x86_64-cpython-313/asyncpg/pgproto/codecs
      running build_ext
      building 'asyncpg.pgproto.pgproto' extension
      creating build/temp.linux-x86_64-cpython-313/asyncpg/pgproto
      cc -pthread -fno-strict-overflow -Wsign-compare -Wunreachable-code -DNDEBUG -g -O3 -Wall -O3 -fstack-protector -fstack-clash-protection -U_FORTIFY_SOURCE -D_FORTIFY_SOURCE=2 -fno-omit-frame-pointer -mno-omit-leaf-frame-pointer -fPIC -fPIC -I/home/eraly/Документы/student-productivity/backend/venv/include -I/home/eraly/.local/share/uv/python/cpython-3.13.14-linux-x86_64-gnu/include/python3.13 -c asyncpg/pgproto/pgproto.c -o build/temp.linux-x86_64-cpython-313/asyncpg/pgproto/pgproto.o -O2 -fsigned-char -Wall -Wsign-compare -Wconversion
      asyncpg/pgproto/pgproto.c:864:1: warning: ‘Py_UNICODE’ is deprecated [-Wdeprecated-declarations]
        864 | static CYTHON_INLINE size_t __Pyx_Py_UNICODE_strlen(const Py_UNICODE *u) {
            | ^~~~~~
      asyncpg/pgproto/pgproto.c: In function ‘__Pyx_Py_UNICODE_strlen’:
      asyncpg/pgproto/pgproto.c:865:5: warning: ‘Py_UNICODE’ is deprecated [-Wdeprecated-declarations]
        865 |     const Py_UNICODE *u_end = u;
            |     ^~~~~
      asyncpg/pgproto/pgproto.c: In function ‘__Pyx_init_assertions_enabled’:
      asyncpg/pgproto/pgproto.c:1667:39: error: implicit declaration of function ‘_PyInterpreterState_GetConfig’; did you mean ‘PyInterpreterState_GetID’? [-Wimplicit-function-declaration]
       1667 |     __pyx_assertions_enabled_flag = ! _PyInterpreterState_GetConfig(__Pyx_PyThreadState_Current->interp)->optimization_level;
            |                                       ^~~~~~~~~~~~~~~~~~~~~~~~~~~~~
            |                                       PyInterpreterState_GetID
      asyncpg/pgproto/pgproto.c:1667:105: error: invalid type argument of ‘->’ (have ‘int’)
       1667 |     __pyx_assertions_enabled_flag = ! _PyInterpreterState_GetConfig(__Pyx_PyThreadState_Current->interp)->optimization_level;
            |                                                                                                         ^~
      asyncpg/pgproto/pgproto.c: In function ‘__Pyx_PyUnicode_Join’:
      asyncpg/pgproto/pgproto.c:38932:13: error: implicit declaration of function ‘_PyUnicode_FastCopyCharacters’; did you mean ‘PyUnicode_CopyCharacters’? [-Wimplicit-function-declaration]
      38932 |             _PyUnicode_FastCopyCharacters(result_uval, char_pos, uval, 0, ulength);
            |             ^~~~~~~~~~~~~~~~~~~~~~~~~~~~~
            |             PyUnicode_CopyCharacters
      In file included from /home/eraly/.local/share/uv/python/cpython-3.13.14-linux-x86_64-gnu/include/python3.13/internal/pycore_code.h:12,
                       from /home/eraly/.local/share/uv/python/cpython-3.13.14-linux-x86_64-gnu/include/python3.13/internal/pycore_frame.h:13,
                       from asyncpg/pgproto/pgproto.c:41520:
      /home/eraly/.local/share/uv/python/cpython-3.13.14-linux-x86_64-gnu/include/python3.13/internal/pycore_backoff.h: In function ‘make_backoff_counter’:
      /home/eraly/.local/share/uv/python/cpython-3.13.14-linux-x86_64-gnu/include/python3.13/internal/pycore_backoff.h:66:20: warning: conversion from ‘uint16_t’ {aka ‘short unsigned int’} to ‘short unsigned int:12’ may change value [-Wconversion]
         66 |     result.value = value;
            |                    ^~~~~
      /home/eraly/.local/share/uv/python/cpython-3.13.14-linux-x86_64-gnu/include/python3.13/internal/pycore_backoff.h:67:22: warning: conversion from ‘uint16_t’ {aka ‘short unsigned int’} to ‘unsigned char:4’ may change value [-Wconversion]
         67 |     result.backoff = backoff;
            |                      ^~~~~~~
      /home/eraly/.local/share/uv/python/cpython-3.13.14-linux-x86_64-gnu/include/python3.13/internal/pycore_backoff.h: In function ‘restart_backoff_counter’:
      /home/eraly/.local/share/uv/python/cpython-3.13.14-linux-x86_64-gnu/include/python3.13/internal/pycore_backoff.h:84:66: warning: conversion from ‘int’ to ‘uint16_t’ {aka ‘short unsigned int’} may change value [-Wconversion]
         84 |         return make_backoff_counter((1 << (counter.backoff + 1)) - 1, counter.backoff + 1);
            |                                     ~~~~~~~~~~~~~~~~~~~~~~~~~~~~~^~~
      /home/eraly/.local/share/uv/python/cpython-3.13.14-linux-x86_64-gnu/include/python3.13/internal/pycore_frame.h: In function ‘_PyFrame_SafeGetLasti’:
      /home/eraly/.local/share/uv/python/cpython-3.13.14-linux-x86_64-gnu/include/python3.13/internal/pycore_frame.h:166:51: warning: conversion to ‘long unsigned int’ from ‘int’ may change the sign of the result [-Wsign-conversion]
        166 |     return (int)(f->instr_ptr - _PyCode_CODE(co)) * sizeof(_Py_CODEUNIT);
            |                                                   ^
      asyncpg/pgproto/pgproto.c: In function ‘__Pyx_PyInt_As_int’:
      asyncpg/pgproto/pgproto.c:41809:27: error: too few arguments to function ‘_PyLong_AsByteArray’; expected 6, have 5
      41809 |                 int ret = _PyLong_AsByteArray((PyLongObject *)v,
            |                           ^~~~~~~~~~~~~~~~~~~
      In file included from /home/eraly/.local/share/uv/python/cpython-3.13.14-linux-x86_64-gnu/include/python3.13/longobject.h:107,
                       from /home/eraly/.local/share/uv/python/cpython-3.13.14-linux-x86_64-gnu/include/python3.13/Python.h:82,
                       from asyncpg/pgproto/pgproto.c:33:
      /home/eraly/.local/share/uv/python/cpython-3.13.14-linux-x86_64-gnu/include/python3.13/cpython/longobject.h:111:17: note: declared here
        111 | PyAPI_FUNC(int) _PyLong_AsByteArray(PyLongObject* v,
            |                 ^~~~~~~~~~~~~~~~~~~
      asyncpg/pgproto/pgproto.c: In function ‘__Pyx_PyInt_As_int64_t’:
      asyncpg/pgproto/pgproto.c:42043:27: error: too few arguments to function ‘_PyLong_AsByteArray’; expected 6, have 5
      42043 |                 int ret = _PyLong_AsByteArray((PyLongObject *)v,
            |                           ^~~~~~~~~~~~~~~~~~~
      /home/eraly/.local/share/uv/python/cpython-3.13.14-linux-x86_64-gnu/include/python3.13/cpython/longobject.h:111:17: note: declared here
        111 | PyAPI_FUNC(int) _PyLong_AsByteArray(PyLongObject* v,
            |                 ^~~~~~~~~~~~~~~~~~~
      asyncpg/pgproto/pgproto.c: In function ‘__Pyx_PyInt_As_int32_t’:
      asyncpg/pgproto/pgproto.c:42239:27: error: too few arguments to function ‘_PyLong_AsByteArray’; expected 6, have 5
      42239 |                 int ret = _PyLong_AsByteArray((PyLongObject *)v,
            |                           ^~~~~~~~~~~~~~~~~~~
      /home/eraly/.local/share/uv/python/cpython-3.13.14-linux-x86_64-gnu/include/python3.13/cpython/longobject.h:111:17: note: declared here
        111 | PyAPI_FUNC(int) _PyLong_AsByteArray(PyLongObject* v,
            |                 ^~~~~~~~~~~~~~~~~~~
      asyncpg/pgproto/pgproto.c: In function ‘__Pyx_PyInt_As_long’:
      asyncpg/pgproto/pgproto.c:42435:27: error: too few arguments to function ‘_PyLong_AsByteArray’; expected 6, have 5
      42435 |                 int ret = _PyLong_AsByteArray((PyLongObject *)v,
            |                           ^~~~~~~~~~~~~~~~~~~
      /home/eraly/.local/share/uv/python/cpython-3.13.14-linux-x86_64-gnu/include/python3.13/cpython/longobject.h:111:17: note: declared here
        111 | PyAPI_FUNC(int) _PyLong_AsByteArray(PyLongObject* v,
            |                 ^~~~~~~~~~~~~~~~~~~
      asyncpg/pgproto/pgproto.c: In function ‘__Pyx_PyInt_As_unsigned_char’:
      asyncpg/pgproto/pgproto.c:42745:27: error: too few arguments to function ‘_PyLong_AsByteArray’; expected 6, have 5
      42745 |                 int ret = _PyLong_AsByteArray((PyLongObject *)v,
            |                           ^~~~~~~~~~~~~~~~~~~
      /home/eraly/.local/share/uv/python/cpython-3.13.14-linux-x86_64-gnu/include/python3.13/cpython/longobject.h:111:17: note: declared here
        111 | PyAPI_FUNC(int) _PyLong_AsByteArray(PyLongObject* v,
            |                 ^~~~~~~~~~~~~~~~~~~
      asyncpg/pgproto/pgproto.c: In function ‘__Pyx_PyInt_As_int16_t’:
      asyncpg/pgproto/pgproto.c:43055:27: error: too few arguments to function ‘_PyLong_AsByteArray’; expected 6, have 5
      43055 |                 int ret = _PyLong_AsByteArray((PyLongObject *)v,
            |                           ^~~~~~~~~~~~~~~~~~~
      /home/eraly/.local/share/uv/python/cpython-3.13.14-linux-x86_64-gnu/include/python3.13/cpython/longobject.h:111:17: note: declared here
        111 | PyAPI_FUNC(int) _PyLong_AsByteArray(PyLongObject* v,
            |                 ^~~~~~~~~~~~~~~~~~~
      asyncpg/pgproto/pgproto.c: In function ‘__Pyx_PyInt_As_char’:
      asyncpg/pgproto/pgproto.c:43289:27: error: too few arguments to function ‘_PyLong_AsByteArray’; expected 6, have 5
      43289 |                 int ret = _PyLong_AsByteArray((PyLongObject *)v,
            |                           ^~~~~~~~~~~~~~~~~~~
      /home/eraly/.local/share/uv/python/cpython-3.13.14-linux-x86_64-gnu/include/python3.13/cpython/longobject.h:111:17: note: declared here
        111 | PyAPI_FUNC(int) _PyLong_AsByteArray(PyLongObject* v,
            |                 ^~~~~~~~~~~~~~~~~~~
      asyncpg/pgproto/pgproto.c: In function ‘__Pyx_PyInt_As_int8_t’:
      asyncpg/pgproto/pgproto.c:43485:27: error: too few arguments to function ‘_PyLong_AsByteArray’; expected 6, have 5
      43485 |                 int ret = _PyLong_AsByteArray((PyLongObject *)v,
            |                           ^~~~~~~~~~~~~~~~~~~
      /home/eraly/.local/share/uv/python/cpython-3.13.14-linux-x86_64-gnu/include/python3.13/cpython/longobject.h:111:17: note: declared here
        111 | PyAPI_FUNC(int) _PyLong_AsByteArray(PyLongObject* v,
            |                 ^~~~~~~~~~~~~~~~~~~
      asyncpg/pgproto/pgproto.c: In function ‘__Pyx_PyInt_As_uint32_t’:
      asyncpg/pgproto/pgproto.c:43719:27: error: too few arguments to function ‘_PyLong_AsByteArray’; expected 6, have 5
      43719 |                 int ret = _PyLong_AsByteArray((PyLongObject *)v,
            |                           ^~~~~~~~~~~~~~~~~~~
      /home/eraly/.local/share/uv/python/cpython-3.13.14-linux-x86_64-gnu/include/python3.13/cpython/longobject.h:111:17: note: declared here
        111 | PyAPI_FUNC(int) _PyLong_AsByteArray(PyLongObject* v,
            |                 ^~~~~~~~~~~~~~~~~~~
      asyncpg/pgproto/pgproto.c: In function ‘__Pyx_PyInt_As_uint64_t’:
      asyncpg/pgproto/pgproto.c:43915:27: error: too few arguments to function ‘_PyLong_AsByteArray’; expected 6, have 5
      43915 |                 int ret = _PyLong_AsByteArray((PyLongObject *)v,
            |                           ^~~~~~~~~~~~~~~~~~~
      /home/eraly/.local/share/uv/python/cpython-3.13.14-linux-x86_64-gnu/include/python3.13/cpython/longobject.h:111:17: note: declared here
        111 | PyAPI_FUNC(int) _PyLong_AsByteArray(PyLongObject* v,
            |                 ^~~~~~~~~~~~~~~~~~~
      asyncpg/pgproto/pgproto.c: At top level:
      asyncpg/pgproto/pgproto.c:23994:18: warning: ‘__pyx_f_7asyncpg_7pgproto_7pgproto_json_decode’ defined but not used [-Wunused-function]
      23994 | static PyObject *__pyx_f_7asyncpg_7pgproto_7pgproto_json_decode(struct __pyx_obj_7asyncpg_7pgproto_7pgproto_CodecContext *__pyx_v_settings, struct __pyx_t_7asyncpg_7pgproto_7pgproto_FRBuffer *__pyx_v_buf) {
            |                  ^~~~~~~~~~~~~~~~~~~~~~~~~~~~~~~~~~~~~~~~~~~~~~
      asyncpg/pgproto/pgproto.c:23886:18: warning: ‘__pyx_f_7asyncpg_7pgproto_7pgproto_json_encode’ defined but not used [-Wunused-function]
      23886 | static PyObject *__pyx_f_7asyncpg_7pgproto_7pgproto_json_encode(struct __pyx_obj_7asyncpg_7pgproto_7pgproto_CodecContext *__pyx_v_settings, struct __pyx_obj_7asyncpg_7pgproto_7pgproto_WriteBuffer *__pyx_v_buf, PyObject *__pyx_v_obj) {
            |                  ^~~~~~~~~~~~~~~~~~~~~~~~~~~~~~~~~~~~~~~~~~~~~~
      error: command '/usr/bin/cc' failed with exit code 1
      [end of output]
  
  note: This error originates from a subprocess, and is likely not a problem with pip.
  ERROR: Failed building wheel for asyncpg
  Building wheel for pydantic-core (pyproject.toml): started
  Building wheel for pydantic-core (pyproject.toml): finished with status 'error'
  error: subprocess-exited-with-error
  
  × Building wheel for pydantic-core (pyproject.toml) did not run successfully.
  │ exit code: 1
  ╰─> [133 lines of output]
      Python reports SOABI: cpython-313-x86_64-linux-gnu
      Computed rustc target triple: x86_64-unknown-linux-gnu
      Installation directory: /home/eraly/.cache/puccinialin
      Rustup already downloaded
      Installing rust to /home/eraly/.cache/puccinialin/rustup
      warn: It looks like you have an existing rustup settings file at:
      warn: /home/eraly/.cache/puccinialin/rustup/settings.toml
      warn: Rustup will install the default toolchain as specified in the settings file,
      warn: instead of the one inferred from the default host triple.
      info: profile set to minimal
      info: setting default host triple to x86_64-unknown-linux-gnu
      warn: Updating existing toolchain, profile choice will be ignored
      info: syncing channel updates for stable-x86_64-unknown-linux-gnu
      info: default toolchain set to stable-x86_64-unknown-linux-gnu
      Checking if cargo is installed
      cargo 1.97.1 (c980f4866 2026-06-30)
      Rust not found, installing into a temporary directory
      Running `maturin pep517 build-wheel -i /home/eraly/Документы/student-productivity/backend/venv/bin/python3.13 --compatibility off`
      📦 Including license file `LICENSE`
      🍹 Building a mixed python/rust project
      🐍 Found CPython 3.13 at /home/eraly/Документы/student-productivity/backend/venv/bin/python3.13
      🔗 Found pyo3 bindings
      📡 Using build options features, bindings from pyproject.toml
         Compiling autocfg v1.1.0
         Compiling proc-macro2 v1.0.76
         Compiling target-lexicon v0.12.9
         Compiling unicode-ident v1.0.10
         Compiling python3-dll-a v0.2.9
         Compiling libc v0.2.147
         Compiling once_cell v1.18.0
         Compiling quote v1.0.35
         Compiling pyo3-build-config v0.20.2
         Compiling syn v2.0.48
         Compiling version_check v0.9.4
         Compiling cfg-if v1.0.0
         Compiling static_assertions v1.1.0
         Compiling heck v0.4.1
         Compiling ahash v0.8.7
         Compiling lexical-util v0.8.5
         Compiling num-traits v0.2.16
         Compiling getrandom v0.2.10
         Compiling num-integer v0.1.45
         Compiling lock_api v0.4.10
         Compiling zerocopy v0.7.32
         Compiling pyo3-ffi v0.20.2
         Compiling parking_lot_core v0.9.8
         Compiling rustversion v1.0.13
         Compiling num-bigint v0.4.4
         Compiling memoffset v0.9.0
         Compiling allocator-api2 v0.2.16
         Compiling tinyvec_macros v0.1.1
         Compiling smallvec v1.11.2
         Compiling scopeguard v1.1.0
         Compiling hashbrown v0.14.3
         Compiling tinyvec v1.6.0
         Compiling pyo3 v0.20.2
         Compiling pyo3-macros-backend v0.20.2
         Compiling lexical-write-integer v0.8.5
         Compiling lexical-parse-integer v0.8.6
         Compiling serde v1.0.195
         Compiling memchr v2.6.3
         Compiling lexical-parse-float v0.8.5
         Compiling aho-corasick v1.0.2
         Compiling lexical-write-float v0.8.5
         Compiling serde_derive v1.0.195
         Compiling strum_macros v0.25.3
         Compiling pyo3-macros v0.20.2
         Compiling unicode-normalization v0.1.22
         Compiling parking_lot v0.12.1
         Compiling equivalent v1.0.1
         Compiling percent-encoding v2.3.1
         Compiling unicode-bidi v0.3.13
         Compiling regex-syntax v0.8.2
         Compiling serde_json v1.0.109
         Compiling indoc v2.0.4
         Compiling unindent v0.2.3
         Compiling idna v0.5.0
         Compiling form_urlencoded v1.2.1
         Compiling indexmap v2.0.0
         Compiling regex-automata v0.4.3
         Compiling strum v0.25.0
         Compiling lexical-core v0.8.5
         Compiling pydantic-core v2.16.3 (/tmp/pip-install-2puyuep4/pydantic-core_461f365a7b154e8f88eea1df244a1a4c)
         Compiling ryu v1.0.14
         Compiling itoa v1.0.8
      error: failed to run custom build command for `pydantic-core v2.16.3 (/tmp/pip-install-2puyuep4/pydantic-core_461f365a7b154e8f88eea1df244a1a4c)`
      
      Caused by:
        process didn't exit successfully: `/tmp/pip-install-2puyuep4/pydantic-core_461f365a7b154e8f88eea1df244a1a4c/target/release/build/pydantic-core-6a136daf9829e0c4/build-script-build` (exit status: 101)
        --- stdout
        cargo:rustc-cfg=Py_3_6
        cargo:rustc-cfg=Py_3_7
        cargo:rustc-cfg=Py_3_8
        cargo:rustc-cfg=Py_3_9
        cargo:rustc-cfg=Py_3_10
        cargo:rustc-cfg=Py_3_11
        cargo:rustc-cfg=Py_3_12
        cargo:rustc-cfg=Py_3_13
        cargo:rerun-if-changed=python/pydantic_core/core_schema.py
        cargo:rerun-if-changed=generate_self_schema.py
      
        --- stderr
        Traceback (most recent call last):
          File "/tmp/pip-install-2puyuep4/pydantic-core_461f365a7b154e8f88eea1df244a1a4c/generate_self_schema.py", line 192, in eval_forward_ref
            return type_._evaluate(core_schema.__dict__, None, set())
                   ~~~~~~~~~~~~~~~^^^^^^^^^^^^^^^^^^^^^^^^^^^^^^^^^^^
        TypeError: ForwardRef._evaluate() missing 1 required keyword-only argument: 'recursive_guard'
      
        During handling of the above exception, another exception occurred:
      
        Traceback (most recent call last):
          File "/tmp/pip-install-2puyuep4/pydantic-core_461f365a7b154e8f88eea1df244a1a4c/generate_self_schema.py", line 240, in <module>
            main()
            ~~~~^^
          File "/tmp/pip-install-2puyuep4/pydantic-core_461f365a7b154e8f88eea1df244a1a4c/generate_self_schema.py", line 210, in main
            value = get_schema(s, definitions)
          File "/tmp/pip-install-2puyuep4/pydantic-core_461f365a7b154e8f88eea1df244a1a4c/generate_self_schema.py", line 54, in get_schema
            return type_dict_schema(obj, definitions)
          File "/tmp/pip-install-2puyuep4/pydantic-core_461f365a7b154e8f88eea1df244a1a4c/generate_self_schema.py", line 152, in type_dict_schema
            field_type = eval_forward_ref(field_type)
          File "/tmp/pip-install-2puyuep4/pydantic-core_461f365a7b154e8f88eea1df244a1a4c/generate_self_schema.py", line 195, in eval_forward_ref
            return type_._evaluate(core_schema.__dict__, None)
                   ~~~~~~~~~~~~~~~^^^^^^^^^^^^^^^^^^^^^^^^^^^^
        TypeError: ForwardRef._evaluate() missing 1 required keyword-only argument: 'recursive_guard'
      
        thread 'main' (30914) panicked at build.rs:29:9:
        generate_self_schema.py failed with exit status: 1
        note: run with `RUST_BACKTRACE=1` environment variable to display a backtrace
      warning: build failed, waiting for other jobs to finish...
      💥 maturin failed
        Caused by: Failed to build a native library through cargo
        Caused by: Cargo build finished with "exit status: 101": `env -u CARGO PYO3_BUILD_EXTENSION_MODULE="1" PYO3_ENVIRONMENT_SIGNATURE="cpython-3.13-64bit" PYO3_PYTHON="/home/eraly/Документы/student-productivity/backend/venv/bin/python3.13" PYTHON_SYS_EXECUTABLE="/home/eraly/Документы/student-productivity/backend/venv/bin/python3.13" "cargo" "rustc" "--profile" "release" "--features" "pyo3/extension-module" "--message-format" "json-render-diagnostics" "--manifest-path" "/tmp/pip-install-2puyuep4/pydantic-core_461f365a7b154e8f88eea1df244a1a4c/Cargo.toml" "--lib" "--crate-type" "cdylib"`
      Error: command ['maturin', 'pep517', 'build-wheel', '-i', '/home/eraly/Документы/student-productivity/backend/venv/bin/python3.13', '--compatibility', 'off'] returned non-zero exit status 1
      [end of output]
  
  note: This error originates from a subprocess, and is likely not a problem with pip.
  ERROR: Failed building wheel for pydantic-core
Failed to build asyncpg pydantic-core
error: failed-wheel-build-for-install

× Failed to build installable wheels for some pyproject.toml based projects
╰─> asyncpg, pydantic-core
